// Jest Snapshot v1, https://goo.gl/fbAQLP

exports[`Options directives {Array} 1`] = `"export default \`<?php echo $myVar; ?>\`"`;
