// Jest Snapshot v1, https://goo.gl/fbAQLP

exports[`Options parser {Object} 1`] = `"export default \`<div>Hello</div>\`"`;

exports[`Options parser {String} 1`] = `"export default \`<div>Hello</div>\`"`;
