// Jest Snapshot v1, https://goo.gl/fbAQLP

exports[`Options plugins {Array} 1`] = `
"export default \`<section>Hello</section>
\`"
`;

exports[`Options plugins {Function} - {Array} 1`] = `
"export default \`<section>Hello</section>
\`"
`;

exports[`Options plugins {Function} - {Object} 1`] = `
"export default \`<section>Hello</section>
\`"
`;
