// Jest Snapshot v1, https://goo.gl/fbAQLP

exports[`Loader Defaults 1`] = `
"export default \`<section>Hello</section>
\`"
`;
